20260807-114954	new	沙一汀	8.9沙一汀EL · 明星日 | 武汉欢乐谷潮流红人派对	2026-08-09 武汉 on_sale
20260807-114954	new	沙一汀	上海欢乐谷EV音乐乐园——沙一汀	2026-08-16 上海 on_sale
20260807-114954	new	门尼	2026JUMPPARK腾讯视频音乐大赏	2026-08-29 贵阳 on_sale
20260807-114954	new	加木	上海欢乐谷EV音乐乐园——加木	2026-08-15 上海 on_sale
20260807-114954	new	加木	2026布瑞吉77%巡演-上海站	2026-08-16 上海 on_sale
20260807-114954	new	加木	三火Flame【蓝眼泪】个人巡演南京站七夕专场	2026-08-19 南京 on_sale
20260807-114954	new	加木	口味王·杭州湾银河左岸音乐节	2026-09-05 嘉兴 on_sale
20260807-115252	new	BABYMONSTER	BABYMONSTER〈CHOOM〉世界巡演 · 澳门站	2026-09-11 澳门 
20260807-115252	new	BABYMONSTER	BABYMONSTER〈CHOOM〉世界巡演 · 台北站	2026-11-21 台北 
20260807-115252	new	BABYMONSTER	BABYMONSTER〈CHOOM〉世界巡演 · 香港站	2027-01-09 香港 
20260807-115252	new	BABYMONSTER	BABYMONSTER〈CHOOM〉世界巡演 · 大阪站	2026-09-22 大阪 
20260807-115252	new	BABYMONSTER	BABYMONSTER〈CHOOM〉世界巡演 · 新加坡站	2026-11-28 新加坡 
20260807-115252	new	BABYMONSTER	BABYMONSTER〈CHOOM〉世界巡演 · 曼谷站	2026-11-07 曼谷 
20260807-115252	new	BABYMONSTER	BABYMONSTER〈CHOOM〉世界巡演 · 马尼拉站	2026-09-05 马尼拉 
20260807-115252	new	BABYMONSTER	BABYMONSTER〈CHOOM〉世界巡演 · 吉隆坡站	2026-11-14 吉隆坡 
20260807-115252	new	BABYMONSTER	BABYMONSTER〈CHOOM〉世界巡演 · 雅加达站	2026-10-17 雅加达 
20260807-115252	new	KATSEYE	KATSEYE〈WILDWORLD〉世界巡演 · 都柏林开幕站	2026-09-01 都柏林 on_sale
20260807-115252	new	KATSEYE	KATSEYE〈WILDWORLD〉世界巡演 · 北美段开幕（迈阿密）	2026-10-13 迈阿密 on_sale
20260807-115252	new	KATSEYE	KATSEYE〈WILDWORLD〉世界巡演 · 墨西哥城收官站	2026-11-27 墨西哥城 on_sale
20260807-115252	new	LE SSERAFIM	LE SSERAFIM〈PUREFLOW〉第二次世巡 · 亚洲场待公布	  upcoming
20260807-115252	new	门尼	门尼 2026 巡回演唱会 · 城市与开票待公布	  upcoming
20260807-115252	rumor	门尼	门尼 2026 巡演已官宣启动，但北方场迟迟未公布，粉丝持续催促	新浪新闻 / 抖音话题
20260807-115252	rumor	门尼	认证音乐博主：门尼巡演「这就要来了」	新浪 / 微博音乐博主
20260807-115252	rumor	NJZ	NJZ / NewJeans 2026 年仍无巡演官宣，海外票务站集体标注「高度预期」	Ticketmaster / Songkick 交叉核对
20260807-115252	rumor	LE SSERAFIM	PUREFLOW 世巡含「亚洲」段，但中国内地场次未在官宣名单内	Forbes / Weverse 公告
20260807-115252	rumor	沙一汀	「听汀」三城演唱会大麦想看破 30 万、场场秒售罄——下一轮巡演需提前蹲点	网易新闻
20260807-115252	rumor	BABYMONSTER	CHOOM 世巡北美/南美/欧洲段将「择期公布」，亚洲段已排满至 2027 年 1 月	Wikipedia / YG 官方公告汇总
20260807-115252	rumor	加木	加木近期高频以嘉宾身份出现在他人巡演，个人专场尚无消息	秀动场次数据推断
20260810-111257	new	沙一汀	026禧都音乐节HolidayParty济南站	2026-09-19 济南 on_sale
20260810-111257	new	加木	口味王·杭州湾银河左岸音乐节	2026-09-05 杭州 on_sale
20260810-111257	new	加木	026禧都音乐节HolidayParty济南站	2026-09-19 济南 on_sale
20260810-111824	status	BABYMONSTER	BABYMONSTER〈CHOOM〉世界巡演 · 澳门站	upcoming → on_sale
20260810-111824	sale_time	BABYMONSTER	BABYMONSTER〈CHOOM〉世界巡演 · 澳门站	开票时间：2026-06-18 12:00
20260810-111824	new	BABYMONSTER	BABYMONSTER〈CHOOM〉世界巡演 · 澳门站（原定场）	2026-09-12 澳门 on_sale
20260810-111824	new	LE SSERAFIM	LE SSERAFIM〈PUREFLOW〉世巡 · 台北站	2026-11-14 台北 upcoming
20260810-111824	new	LE SSERAFIM	LE SSERAFIM〈PUREFLOW〉世巡 · 台北站（第二场）	2026-11-15 台北 upcoming
20260810-111824	new	aespa	aespa〈SYNK : COMPLæXITY〉世巡 · 台北站	2026-08-11 台北 on_sale
20260810-111824	new	ILLIT	ILLIT〈PRESS START♥︎〉亚洲巡演 · 香港站	2026-08-22 香港 on_sale
20260810-111824	new	ILLIT	ILLIT〈PRESS START♥︎〉亚洲巡演 · 香港站（加场）	2026-08-23 香港 on_sale
20260810-111824	new	IVE	IVE〈SHOW WHAT I AM〉世巡 · 香港站	2026-09-04 香港 on_sale
20260810-111824	new	IVE	IVE〈SHOW WHAT I AM〉世巡 · 香港站（第二场）	2026-09-05 香港 on_sale
20260810-111824	new	IVE	IVE〈SHOW WHAT I AM〉世巡 · 香港站（第三场）	2026-09-06 香港 on_sale
20260810-111824	rumor	门尼	门尼广州双场预售全数售罄，缺货登记是唯一余票渠道	新浪新闻（多条求票贴交叉）
20260810-111824	rumor	NJZ	NewJeans 官宣「2026 Summer of NewJeans」，以四人体制回归，10 月前发新作	Soompi / allkpop / Koreaboo 交叉
20260810-111824	rumor	NJZ	NJZ / NewJeans 仍无任何巡演场次，票务站零记录	Ticketmaster / Songkick 交叉核对
20260810-111824	rumor	KATSEYE	⚠️ 有非官方网站列出 KATSEYE 东京巨蛋/首尔场次，但官方渠道无任何亚洲场	Variety / Live Nation 官方 vs 不明来源站点比对
20260810-111824	rumor	BABYMONSTER	台北站（11/21-22）主办与售票系统仍未公布，开票时间待官宣	Trip.com / KKTIX 台湾票务信息汇总
20260810-111824	rumor	IVE	IVE 亚洲段加场后仍紧俏：新加坡与澳门两场均已售罄	Live Nation Newsroom / Contactmusic
20260810-111824	rumor	LE SSERAFIM	PUREFLOW 台北站已定档，但中国内地场次仍未进入官宣名单	今周刊 / Weverse 公告
20260810-111824	rumor	加木	加木《家书》口碑发酵，但个人巡演仍无任何官宣	新浪 / 秀动场次数据
20260810-111824	rumor	沙一汀	沙一汀下半年仍无个人巡演官宣，只有音乐节拼盘	摩天轮 / 有票网 / 东方演出网 交叉
20260810-112305	new	沙一汀	上海欢乐谷EV音乐乐园——沙一汀	2026-08-16 上海 on_sale
20260810-112305	new	沙一汀	026禧都音乐节HolidayParty济南站	2026-09-19 济南 on_sale
20260810-112305	new	门尼	2026JUMPPARK腾讯视频音乐大赏	2026-08-29 贵阳 on_sale
20260810-112305	new	加木	上海欢乐谷EV音乐乐园——加木	2026-08-15 上海 on_sale
20260810-112305	new	加木	2026布瑞吉77%巡演-上海站	2026-08-16 上海 on_sale
20260810-112305	new	加木	三火Flame【蓝眼泪】个人巡演南京站七夕专场	2026-08-19 南京 on_sale
20260810-112305	new	加木	口味王·杭州湾银河左岸音乐节	2026-09-05 杭州 on_sale
20260810-112305	new	加木	026禧都音乐节HolidayParty济南站	2026-09-19 济南 on_sale
20260813-115054	new	门尼	门尼「印·IN」2026巡回演唱会 · 南京站	2026-09-12 南京 sold_out
20260813-115054	new	门尼	2026JUMPPARK腾讯视频音乐大赏	  on_sale
20260813-115054	new	LE SSERAFIM	LE SSERAFIM〈PUREFLOW〉世巡 · 洛杉矶站	2026-09-16 Los Angeles on_sale
20260813-115054	new	LE SSERAFIM	LE SSERAFIM〈PUREFLOW〉世巡 · 塔科马站	2026-09-20 Tacoma on_sale
20260813-115054	new	LE SSERAFIM	LE SSERAFIM〈PUREFLOW〉世巡 · 圣何塞站	2026-09-23 San Jose on_sale
20260813-115054	new	LE SSERAFIM	LE SSERAFIM〈PUREFLOW〉世巡 · 菲尼克斯站	2026-09-25 Phoenix on_sale
20260813-115054	new	LE SSERAFIM	LE SSERAFIM〈PUREFLOW〉世巡 · 沃斯堡站	2026-09-27 Fort Worth on_sale
20260813-115054	new	LE SSERAFIM	LE SSERAFIM〈PUREFLOW〉世巡 · 奥兰多站	2026-09-30 Orlando on_sale
20260813-115054	new	LE SSERAFIM	LE SSERAFIM〈PUREFLOW〉世巡 · 芝加哥站	2026-10-02 Chicago on_sale
20260813-115054	new	LE SSERAFIM	LE SSERAFIM〈PUREFLOW〉世巡 · 华盛顿站	2026-10-05 Washington, DC on_sale
20260813-115054	new	LE SSERAFIM	LE SSERAFIM〈PUREFLOW〉世巡 · 纽瓦克站	2026-10-08 Newark on_sale
20260813-115054	new	LE SSERAFIM	LE SSERAFIM〈PUREFLOW〉世巡 · 伦敦站	2026-10-16 London on_sale
20260813-115054	new	LE SSERAFIM	LE SSERAFIM〈PUREFLOW〉世巡 · 阿姆斯特丹站	2026-10-18 Amsterdam on_sale
20260813-115054	new	LE SSERAFIM	LE SSERAFIM〈PUREFLOW〉世巡 · 巴黎站	2026-10-21 Paris on_sale
20260813-115054	new	LE SSERAFIM	LE SSERAFIM〈PUREFLOW〉世巡 · 哥本哈根站	2026-10-23 Copenhagen on_sale
20260813-115054	new	BABYMONSTER	2026-27 BABYMONSTER WORLD TOUR [춤 (CHOOM)] IN MANILA	2026-09-05 Pasay / 马尼拉 
20260813-115054	new	BABYMONSTER	2026-27 BABYMONSTER WORLD TOUR [춤 (CHOOM)] IN BANGKOK	2026-11-08 曼谷 
20260813-115054	new	BABYMONSTER	2026-27 BABYMONSTER WORLD TOUR [춤 (CHOOM)] IN SINGAPORE	2026-11-29 新加坡 
20260813-115054	new	Hearts2Hearts	MUSIC EXPO LIVE 2026 in TAIPEI（Hearts2Hearts 出演）	 台北 on_sale
20260813-115054	new	KATSEYE	KATSEYE 洛杉矶周边 Irvine 演出（巡演日程表首项）	2026-08-29 Irvine on_sale
20260813-115054	new	KATSEYE	KATSEYE〈WILDWORLD〉世界巡演 · 伦敦站（第一场）	2026-09-03 伦敦 on_sale
20260813-115054	new	KATSEYE	KATSEYE〈WILDWORLD〉世界巡演 · 伦敦站（第二场/加场）	2026-09-04 伦敦 on_sale
20260813-115054	new	KATSEYE	KATSEYE〈WILDWORLD〉世界巡演 · 曼彻斯特站	2026-09-06 曼彻斯特 on_sale
20260813-115054	new	KATSEYE	KATSEYE〈WILDWORLD〉世界巡演 · 巴黎站	2026-09-09 巴黎 on_sale
20260813-115054	new	KATSEYE	KATSEYE〈WILDWORLD〉世界巡演 · 阿姆斯特丹站	2026-09-11 阿姆斯特丹 on_sale
20260813-115054	new	KATSEYE	KATSEYE〈WILDWORLD〉世界巡演 · 科隆站	2026-09-13 科隆 on_sale
20260813-115054	new	KATSEYE	KATSEYE〈WILDWORLD〉世界巡演 · 安特卫普站	2026-09-15 安特卫普 on_sale
20260813-115054	new	KATSEYE	KATSEYE〈WILDWORLD〉世界巡演 · 哥本哈根站	2026-09-17 哥本哈根 on_sale
20260813-115054	new	KATSEYE	KATSEYE〈WILDWORLD〉世界巡演 · 亚特兰大战	2026-10-15 亚特兰大 on_sale
20260813-115054	new	KATSEYE	KATSEYE〈WILDWORLD〉世界巡演 · 夏洛特站	2026-10-20 夏洛特 on_sale
20260813-115054	new	KATSEYE	KATSEYE〈WILDWORLD〉世界巡演 · 华盛顿站	2026-10-22 华盛顿 on_sale
20260813-115054	new	KATSEYE	KATSEYE〈WILDWORLD〉世界巡演 · 纽约贝尔蒙特公园站（第一场）	2026-10-24 Belmont Park, NY on_sale
20260813-115054	new	KATSEYE	KATSEYE〈WILDWORLD〉世界巡演 · 纽约贝尔蒙特公园站（第二场/加场）	2026-10-25 Belmont Park, NY on_sale
20260813-115054	new	KATSEYE	KATSEYE〈WILDWORLD〉世界巡演 · 波士顿站	2026-10-28 波士顿 on_sale
20260813-115054	new	KATSEYE	KATSEYE〈WILDWORLD〉世界巡演 · 蒙特利尔站	2026-10-30 蒙特利尔 on_sale
20260813-115054	new	KATSEYE	KATSEYE〈WILDWORLD〉世界巡演 · 汉密尔顿站	2026-11-01 汉密尔顿 on_sale
20260813-115054	new	KATSEYE	KATSEYE〈WILDWORLD〉世界巡演 · 底特律站	2026-11-03 底特律 on_sale
20260813-115054	new	KATSEYE	KATSEYE〈WILDWORLD〉世界巡演 · 芝加哥站	2026-11-05 芝加哥 on_sale
20260813-115054	new	KATSEYE	KATSEYE〈WILDWORLD〉世界巡演 · 明尼阿波利斯站	2026-11-07 明尼阿波利斯 on_sale
20260813-115054	new	KATSEYE	KATSEYE〈WILDWORLD〉世界巡演 · 奥斯汀站	2026-11-10 奥斯汀 on_sale
20260813-115054	new	KATSEYE	KATSEYE〈WILDWORLD〉世界巡演 · 达拉斯站	2026-11-11 达拉斯 on_sale
20260813-115054	new	KATSEYE	KATSEYE〈WILDWORLD〉世界巡演 · 拉斯维加斯站	2026-11-14 拉斯维加斯 on_sale
20260813-115054	new	KATSEYE	KATSEYE〈WILDWORLD〉世界巡演 · 西雅图站	2026-11-17 西雅图 on_sale
20260813-115054	new	KATSEYE	KATSEYE〈WILDWORLD〉世界巡演 · 奥克兰站	2026-11-19 奥克兰 on_sale
20260813-115054	new	KATSEYE	KATSEYE〈WILDWORLD〉世界巡演 · 洛杉矶站（第一场）	2026-11-21 洛杉矶 on_sale
20260813-115054	new	KATSEYE	KATSEYE〈WILDWORLD〉世界巡演 · 洛杉矶站（第二场/加场）	2026-11-22 洛杉矶 on_sale
20260813-115054	new	KATSEYE	KATSEYE〈WILDWORLD〉世界巡演 · 菲尼克斯站	2026-11-24 菲尼克斯 on_sale
20260813-115054	rumor	沙一汀	聚合页挂出「沙一汀EL广州演唱会」12月31日 广州体育馆1号馆（未标注年份、无票价无开票信息）	东方演出网
20260813-115054	rumor	NJZ	截至 2026-08-13 未查到 NJZ/NewJeans 未来巡演或开票的可验证场次	Ticketmaster 艺人页片段（rumors 组）
20260813-115054	rumor	KiiiKiii	KiiiKiii 被称将出席 2026 Asia Artist Awards 高雄场	Instagram
20260813-115054	rumor	IVE	IVE〈SHOW WHAT I AM〉台北小巨蛋 2026-09 场次显示完售，但可加场/精确日期仍待核	Live Nation Taiwan / Live Nation TW Facebook
20260813-115054	rumor	LE SSERAFIM	PUREFLOW 澳门站线索：11/7-11/8 两场，场馆指向 Galaxy Arena	Instagram 帖子（账号未在结果中显示）
20260813-115054	rumor	LE SSERAFIM	亚洲巡演追加澳门站，称会员平台已开启	Threads @buyticketshk
20260813-115054	rumor	LE SSERAFIM	日本 2026 演唱会攻略称大阪/神奈川/静冈/宫城/福冈共 11 场，但本轮截取未含逐场日期	Trip.com 攻略
20260813-115054	rumor	BABYMONSTER	YG 公告称 CHOOM 世巡将覆盖五大洲，欧洲/南美/大洋洲等细节仍未完整公布	中国娱乐网 / YG 官方 SNS 转述
20260813-115054	rumor	BABYMONSTER	Trip.com 汇总页出现横滨 Pia Arena MM、台北小巨蛋、香港亚洲国际博览馆等条目但缺可核实日期/票务	Trip.com events collection
20260813-115054	rumor	ILLIT	第三方票务页列出 ILLIT 2026 年 12 月 23 日 Funabashi 场次	Japan Concert Tickets
20260813-115054	rumor	KATSEYE	⚠️ 官方及正式票务渠道至今无任何亚洲/中国场次；二级市场与信息站存在混杂信息	Ticketmaster / Live Nation HK / katseye.world 官方信息 vs Viagogo 二级市场比对
